Analyzing FixMyStreet_v1...                                     

warning - Unused import: '../screens/user/complaint_detail_screen.dart' - lib\config\routes.dart:7:8 - unused_import
warning - Unused import: '../screens/common/splash_screen.dart' - lib\config\routes.dart:12:8 - unused_import
warning - Unused import: '../screens/common/feedback_screen.dart' - lib\config\routes.dart:13:8 - unused_import
   info - 'desiredAccuracy' is deprecated and shouldn't be used. use settings parameter with AndroidSettings, AppleSettings, WebSettings, or LocationSettings - lib\core\services\location_service.dart:27:7 - deprecated_member_use
   info - 'WillPopScope' is deprecated and shouldn't be used. Use PopScope instead. The Android predictive back feature will not work with WillPopScope. This feature was deprecated after v3.12.0-1.0.pre - lib\core\utils\helpers.dart:49:29 - deprecated_member_use
   info - The private field _complaints could be 'final' - lib\providers\complaint_provider.dart:11:19 - prefer_final_fields
   info - The private field _myComplaints could be 'final' - lib\providers\complaint_provider.dart:12:19 - prefer_final_fields
warning - Unused import: '../../widgets/status_badge.dart' - lib\screens\admin\admin_dashboard_screen.dart:8:8 - unused_import
   info - 'withOpacity' is deprecated and shouldn't be used. Use .withValues() to avoid precision loss - lib\screens\admin\admin_dashboard_screen.dart:289:33 - deprecated_member_use
   info - 'withOpacity' is deprecated and shouldn't be used. Use .withValues() to avoid precision loss - lib\screens\admin\admin_dashboard_screen.dart:304:32 - deprecated_member_use
   info - 'withOpacity' is deprecated and shouldn't be used. Use .withValues() to avoid precision loss - lib\screens\admin\admin_dashboard_screen.dart:332:28 - deprecated_member_use
   info - 'withOpacity' is deprecated and shouldn't be used. Use .withValues() to avoid precision loss - lib\screens\auth\forgot_password_screen.dart:79:50 - deprecated_member_use
   info - 'withOpacity' is deprecated and shouldn't be used. Use .withValues() to avoid precision loss - lib\screens\auth\forgot_password_screen.dart:123:54 - deprecated_member_use
   info - 'withOpacity' is deprecated and shouldn't be used. Use .withValues() to avoid precision loss - lib\screens\auth\login_screen.dart:115:58 - deprecated_member_use
warning - Unused import: '../../core/utils/helpers.dart' - lib\screens\common\feedback_screen.dart:5:8 - unused_import
warning - The value of the field '_qualityRating' isn't used - lib\screens\common\feedback_screen.dart:20:10 - unused_field
   info - 'withOpacity' is deprecated and shouldn't be used. Use .withValues() to avoid precision loss - lib\screens\common\feedback_screen.dart:72:38 - deprecated_member_use
   info - 'withOpacity' is deprecated and shouldn't be used. Use .withValues() to avoid precision loss - lib\screens\common\feedback_screen.dart:176:38 - deprecated_member_use
   info - 'groupValue' is deprecated and shouldn't be used. Use a RadioGroup ancestor to manage group value instead. This feature was deprecated after v3.32.0-0.0.pre - lib\screens\common\settings_screen.dart:49:17 - deprecated_member_use
   info - 'onChanged' is deprecated and shouldn't be used. Use RadioGroup to handle value change instead. This feature was deprecated after v3.32.0-0.0.pre - lib\screens\common\settings_screen.dart:50:17 - deprecated_member_use
   info - 'groupValue' is deprecated and shouldn't be used. Use a RadioGroup ancestor to manage group value instead. This feature was deprecated after v3.32.0-0.0.pre - lib\screens\common\settings_screen.dart:63:17 - deprecated_member_use
   info - 'onChanged' is deprecated and shouldn't be used. Use RadioGroup to handle value change instead. This feature was deprecated after v3.32.0-0.0.pre - lib\screens\common\settings_screen.dart:64:17 - deprecated_member_use
   info - 'withOpacity' is deprecated and shouldn't be used. Use .withValues() to avoid precision loss - lib\screens\common\settings_screen.dart:174:28 - deprecated_member_use
   info - 'withOpacity' is deprecated and shouldn't be used. Use .withValues() to avoid precision loss - lib\screens\common\settings_screen.dart:200:28 - deprecated_member_use
   info - 'activeColor' is deprecated and shouldn't be used. Use activeThumbColor or activeTrackColor instead. This feature was deprecated after v3.31.0-2.0.pre - lib\screens\common\settings_screen.dart:214:9 - deprecated_member_use
warning - Unused import: '../../core/constants/app_strings.dart' - lib\screens\user\complaint_detail_screen.dart:4:8 - unused_import
   info - 'withOpacity' is deprecated and shouldn't be used. Use .withValues() to avoid precision loss - lib\screens\user\complaint_detail_screen.dart:66:32 - deprecated_member_use
   info - 'withOpacity' is deprecated and shouldn't be used. Use .withValues() to avoid precision loss - lib\screens\user\complaint_detail_screen.dart:97:48 - deprecated_member_use
   info - 'withOpacity' is deprecated and shouldn't be used. Use .withValues() to avoid precision loss - lib\screens\user\complaint_detail_screen.dart:344:34 - deprecated_member_use
   info - 'withOpacity' is deprecated and shouldn't be used. Use .withValues() to avoid precision loss - lib\screens\user\complaint_detail_screen.dart:355:30 - deprecated_member_use
warning - Unused import: 'package:provider/provider.dart' - lib\screens\user\home_screen.dart:2:8 - unused_import
warning - Unused import: '../../core/utils/helpers.dart' - lib\screens\user\home_screen.dart:6:8 - unused_import
warning - Unused import: '../../providers/auth_provider.dart' - lib\screens\user\home_screen.dart:7:8 - unused_import
warning - Unused import: '../../widgets/loading_overlay.dart' - lib\screens\user\home_screen.dart:11:8 - unused_import
warning - Unused import: '../user/my_complaints_screen.dart' - lib\screens\user\home_screen.dart:14:8 - unused_import
   info - 'withOpacity' is deprecated and shouldn't be used. Use .withValues() to avoid precision loss - lib\screens\user\home_screen.dart:90:35 - deprecated_member_use
   info - 'withOpacity' is deprecated and shouldn't be used. Use .withValues() to avoid precision loss - lib\screens\user\home_screen.dart:110:46 - deprecated_member_use
   info - 'withOpacity' is deprecated and shouldn't be used. Use .withValues() to avoid precision loss - lib\screens\user\home_screen.dart:122:46 - deprecated_member_use
   info - 'withOpacity' is deprecated and shouldn't be used. Use .withValues() to avoid precision loss - lib\screens\user\home_screen.dart:137:50 - deprecated_member_use
   info - 'withOpacity' is deprecated and shouldn't be used. Use .withValues() to avoid precision loss - lib\screens\user\home_screen.dart:152:46 - deprecated_member_use
   info - 'withOpacity' is deprecated and shouldn't be used. Use .withValues() to avoid precision loss - lib\screens\user\home_screen.dart:195:55 - deprecated_member_use
   info - 'withOpacity' is deprecated and shouldn't be used. Use .withValues() to avoid precision loss - lib\screens\user\home_screen.dart:243:41 - deprecated_member_use
   info - 'withOpacity' is deprecated and shouldn't be used. Use .withValues() to avoid precision loss - lib\screens\user\home_screen.dart:386:31 - deprecated_member_use
   info - 'withOpacity' is deprecated and shouldn't be used. Use .withValues() to avoid precision loss - lib\screens\user\home_screen.dart:399:24 - deprecated_member_use
   info - 'withOpacity' is deprecated and shouldn't be used. Use .withValues() to avoid precision loss - lib\screens\user\home_screen.dart:401:43 - deprecated_member_use
   info - 'withOpacity' is deprecated and shouldn't be used. Use .withValues() to avoid precision loss - lib\screens\user\home_screen.dart:419:30 - deprecated_member_use
   info - 'withOpacity' is deprecated and shouldn't be used. Use .withValues() to avoid precision loss - lib\screens\user\map_view_screen.dart:126:26 - deprecated_member_use
   info - 'withOpacity' is deprecated and shouldn't be used. Use .withValues() to avoid precision loss - lib\screens\user\map_view_screen.dart:145:26 - deprecated_member_use
   info - 'withOpacity' is deprecated and shouldn't be used. Use .withValues() to avoid precision loss - lib\screens\user\map_view_screen.dart:258:41 - deprecated_member_use
   info - 'withOpacity' is deprecated and shouldn't be used. Use .withValues() to avoid precision loss - lib\screens\user\profile_screen.dart:43:51 - deprecated_member_use
   info - 'withOpacity' is deprecated and shouldn't be used. Use .withValues() to avoid precision loss - lib\screens\user\profile_screen.dart:51:57 - deprecated_member_use
   info - 'withOpacity' is deprecated and shouldn't be used. Use .withValues() to avoid precision loss - lib\screens\user\profile_screen.dart:70:47 - deprecated_member_use
   info - 'withOpacity' is deprecated and shouldn't be used. Use .withValues() to avoid precision loss - lib\screens\user\profile_screen.dart:82:49 - deprecated_member_use
   info - 'withOpacity' is deprecated and shouldn't be used. Use .withValues() to avoid precision loss - lib\screens\user\profile_screen.dart:89:49 - deprecated_member_use
   info - Don't use 'BuildContext's across async gaps - lib\screens\user\profile_screen.dart:194:31 - use_build_context_synchronously
   info - 'withOpacity' is deprecated and shouldn't be used. Use .withValues() to avoid precision loss - lib\screens\user\profile_screen.dart:237:33 - deprecated_member_use
   info - 'withOpacity' is deprecated and shouldn't be used. Use .withValues() to avoid precision loss - lib\screens\user\profile_screen.dart:284:24 - deprecated_member_use
   info - 'withOpacity' is deprecated and shouldn't be used. Use .withValues() to avoid precision loss - lib\screens\user\submit_complaint_screen.dart:169:28 - deprecated_member_use
   info - 'withOpacity' is deprecated and shouldn't be used. Use .withValues() to avoid precision loss - lib\screens\user\submit_complaint_screen.dart:247:44 - deprecated_member_use
   info - 'withOpacity' is deprecated and shouldn't be used. Use .withValues() to avoid precision loss - lib\screens\user\submit_complaint_screen.dart:370:63 - deprecated_member_use
   info - 'withOpacity' is deprecated and shouldn't be used. Use .withValues() to avoid precision loss - lib\screens\user\submit_complaint_screen.dart:377:50 - deprecated_member_use
   info - 'withOpacity' is deprecated and shouldn't be used. Use .withValues() to avoid precision loss - lib\screens\user\submit_complaint_screen.dart:519:42 - deprecated_member_use
   info - 'withOpacity' is deprecated and shouldn't be used. Use .withValues() to avoid precision loss - lib\screens\user\submit_complaint_screen.dart:524:44 - deprecated_member_use
   info - 'activeColor' is deprecated and shouldn't be used. Use activeThumbColor or activeTrackColor instead. This feature was deprecated after v3.31.0-2.0.pre - lib\screens\user\submit_complaint_screen.dart:561:23 - deprecated_member_use
   info - 'withOpacity' is deprecated and shouldn't be used. Use .withValues() to avoid precision loss - lib\widgets\category_chip.dart:27:45 - deprecated_member_use
   info - 'withOpacity' is deprecated and shouldn't be used. Use .withValues() to avoid precision loss - lib\widgets\category_chip.dart:30:47 - deprecated_member_use
   info - 'withOpacity' is deprecated and shouldn't be used. Use .withValues() to avoid precision loss - lib\widgets\category_chip.dart:36:34 - deprecated_member_use
   info - 'withOpacity' is deprecated and shouldn't be used. Use .withValues() to avoid precision loss - lib\widgets\complaint_card.dart:44:51 - deprecated_member_use
   info - 'withOpacity' is deprecated and shouldn't be used. Use .withValues() to avoid precision loss - lib\widgets\complaint_card.dart:48:35 - deprecated_member_use
   info - 'withOpacity' is deprecated and shouldn't be used. Use .withValues() to avoid precision loss - lib\widgets\complaint_card.dart:94:48 - deprecated_member_use
   info - 'withOpacity' is deprecated and shouldn't be used. Use .withValues() to avoid precision loss - lib\widgets\gradient_button.dart:55:42 - deprecated_member_use
   info - 'withOpacity' is deprecated and shouldn't be used. Use .withValues() to avoid precision loss - lib\widgets\loading_overlay.dart:23:33 - deprecated_member_use
   info - 'withOpacity' is deprecated and shouldn't be used. Use .withValues() to avoid precision loss - lib\widgets\loading_overlay.dart:32:43 - deprecated_member_use
   info - 'withOpacity' is deprecated and shouldn't be used. Use .withValues() to avoid precision loss - lib\widgets\status_badge.dart:26:22 - deprecated_member_use
   info - 'withOpacity' is deprecated and shouldn't be used. Use .withValues() to avoid precision loss - lib\widgets\status_badge.dart:28:41 - deprecated_member_use

D:\CSP\flutter\bin\flutter.bat 
: 75 issues found. (ran in 
53.3s)
At line:1 char:1
+ 
D:\CSP\flutter\bin\flutter.bat 
analyze 2>&1 | Out-File 
-FilePath d:\C ...
+ ~~~~~~~~~~~~~~~~~~~~~~~~~~~~~
~~~~~~~~~~~~~~
    + CategoryInfo          :  
   NotSpecified: (75 issues f  
  ound. (ran in 53.3s):Strin   
 g) [], RemoteException
    + FullyQualifiedErrorId :  
   NativeCommandError
 
